Visible GPUs: 0,1
Mon Dec 16 03:29:49 2024       
+-----------------------------------------------------------------------------------------+
| NVIDIA-SMI 550.54.15              Driver Version: 550.54.15      CUDA Version: 12.4     |
|-----------------------------------------+------------------------+----------------------+
| GPU  Name                 Persistence-M | Bus-Id          Disp.A | Volatile Uncorr. ECC |
| Fan  Temp   Perf          Pwr:Usage/Cap |           Memory-Usage | GPU-Util  Compute M. |
|                                         |                        |               MIG M. |
|=========================================+========================+======================|
|   0  NVIDIA A100 80GB PCIe          On  |   00000000:19:00.0 Off |                    0 |
| N/A   36C    P0             54W /  300W |      26MiB /  81920MiB |      0%      Default |
|                                         |                        |             Disabled |
+-----------------------------------------+------------------------+----------------------+
|   1  NVIDIA A100 80GB PCIe          On  |   00000000:1B:00.0 Off |                    0 |
| N/A   32C    P0             52W /  300W |      26MiB /  81920MiB |      0%      Default |
|                                         |                        |             Disabled |
+-----------------------------------------+------------------------+----------------------+
                                                                                         
+-----------------------------------------------------------------------------------------+
| Processes:                                                                              |
|  GPU   GI   CI        PID   Type   Process name                              GPU Memory |
|        ID   ID                                                               Usage      |
|=========================================================================================|
|    0   N/A  N/A      3248      G   /usr/libexec/Xorg                              17MiB |
|    1   N/A  N/A      3248      G   /usr/libexec/Xorg                              17MiB |
+-----------------------------------------------------------------------------------------+
Traceback (most recent call last):
  File "/pfs/data5/home/st/st_us-053000/st_st190561/text2speech/gradtts/Speech-Backbones/Grad-TTS/train.py", line 12, in <module>
    import torch
ModuleNotFoundError: No module named 'torch'

============================= JOB FEEDBACK =============================

NodeName=uc2n905
Job ID: 25039907
Cluster: uc2
User/Group: st_st190561/st_us-053000
State: FAILED (exit code 1)
Nodes: 1
Cores per node: 4
CPU Utilized: 00:00:01
CPU Efficiency: 0.76% of 00:02:12 core-walltime
Job Wall-clock time: 00:00:33
Memory Utilized: 2.63 MB
Memory Efficiency: 0.01% of 32.00 GB
